// Jest Snapshot v1, https://goo.gl/fbAQLP

exports[`Gilded Rose Approval should foo 1`] = `
[
  DepreciatingItem {
    "depreciationRate": 1,
    "name": "foo",
    "quality": 0,
    "sellIn": 0,
  },
]
`;

exports[`Gilded Rose Approval should thirtyDays 1`] = `
"OMGHAI!
-------- day 0 --------
name, sellIn, quality
+5 Dexterity Vest, 10, 20
Aged Brie, 2, 0
Elixir of the Mongoose, 5, 7
Sulfuras, Hand of Ragnaros, 0, 80
Sulfuras, Hand of Ragnaros, -1, 80
Backstage passes to a TAFKAL80ETC concert, 15, 20
Backstage passes to a TAFKAL80ETC concert, 10, 49
Backstage passes to a TAFKAL80ETC concert, 5, 49
Conjured Mana Cake, 3, 6

-------- day 1 --------
name, sellIn, quality
+5 Dexterity Vest, 0, 19
Aged Brie, 0, 1
Elixir of the Mongoose, 0, 6
Sulfuras, Hand of Ragnaros, 0, 80
Sulfuras, Hand of Ragnaros, -1, 80
Backstage passes to a TAFKAL80ETC concert, 0, 20
Backstage passes to a TAFKAL80ETC concert, 0, 50
Backstage passes to a TAFKAL80ETC concert, 0, 50
Conjured Mana Cake, 0, 5

-------- day 2 --------
name, sellIn, quality
+5 Dexterity Vest, 0, 18
Aged Brie, 0, 2
Elixir of the Mongoose, 0, 5
Sulfuras, Hand of Ragnaros, 0, 80
Sulfuras, Hand of Ragnaros, -1, 80
Backstage passes to a TAFKAL80ETC concert, 0, 23
Backstage passes to a TAFKAL80ETC concert, 0, 50
Backstage passes to a TAFKAL80ETC concert, 0, 50
Conjured Mana Cake, 0, 4

-------- day 3 --------
name, sellIn, quality
+5 Dexterity Vest, 0, 17
Aged Brie, 0, 3
Elixir of the Mongoose, 0, 4
Sulfuras, Hand of Ragnaros, 0, 80
Sulfuras, Hand of Ragnaros, -1, 80
Backstage passes to a TAFKAL80ETC concert, 0, 26
Backstage passes to a TAFKAL80ETC concert, 0, 50
Backstage passes to a TAFKAL80ETC concert, 0, 50
Conjured Mana Cake, 0, 3

-------- day 4 --------
name, sellIn, quality
+5 Dexterity Vest, 0, 16
Aged Brie, 0, 4
Elixir of the Mongoose, 0, 3
Sulfuras, Hand of Ragnaros, 0, 80
Sulfuras, Hand of Ragnaros, -1, 80
Backstage passes to a TAFKAL80ETC concert, 0, 29
Backstage passes to a TAFKAL80ETC concert, 0, 50
Backstage passes to a TAFKAL80ETC concert, 0, 50
Conjured Mana Cake, 0, 2

-------- day 5 --------
name, sellIn, quality
+5 Dexterity Vest, 0, 15
Aged Brie, 0, 5
Elixir of the Mongoose, 0, 2
Sulfuras, Hand of Ragnaros, 0, 80
Sulfuras, Hand of Ragnaros, -1, 80
Backstage passes to a TAFKAL80ETC concert, 0, 32
Backstage passes to a TAFKAL80ETC concert, 0, 50
Backstage passes to a TAFKAL80ETC concert, 0, 50
Conjured Mana Cake, 0, 1

-------- day 6 --------
name, sellIn, quality
+5 Dexterity Vest, 0, 14
Aged Brie, 0, 6
Elixir of the Mongoose, 0, 1
Sulfuras, Hand of Ragnaros, 0, 80
Sulfuras, Hand of Ragnaros, -1, 80
Backstage passes to a TAFKAL80ETC concert, 0, 35
Backstage passes to a TAFKAL80ETC concert, 0, 50
Backstage passes to a TAFKAL80ETC concert, 0, 50
Conjured Mana Cake, 0, 0

-------- day 7 --------
name, sellIn, quality
+5 Dexterity Vest, 0, 13
Aged Brie, 0, 7
Elixir of the Mongoose, 0, 0
Sulfuras, Hand of Ragnaros, 0, 80
Sulfuras, Hand of Ragnaros, -1, 80
Backstage passes to a TAFKAL80ETC concert, 0, 38
Backstage passes to a TAFKAL80ETC concert, 0, 50
Backstage passes to a TAFKAL80ETC concert, 0, 50
Conjured Mana Cake, 0, 0

-------- day 8 --------
name, sellIn, quality
+5 Dexterity Vest, 0, 12
Aged Brie, 0, 8
Elixir of the Mongoose, 0, 0
Sulfuras, Hand of Ragnaros, 0, 80
Sulfuras, Hand of Ragnaros, -1, 80
Backstage passes to a TAFKAL80ETC concert, 0, 41
Backstage passes to a TAFKAL80ETC concert, 0, 50
Backstage passes to a TAFKAL80ETC concert, 0, 50
Conjured Mana Cake, 0, 0

-------- day 9 --------
name, sellIn, quality
+5 Dexterity Vest, 0, 11
Aged Brie, 0, 9
Elixir of the Mongoose, 0, 0
Sulfuras, Hand of Ragnaros, 0, 80
Sulfuras, Hand of Ragnaros, -1, 80
Backstage passes to a TAFKAL80ETC concert, 0, 44
Backstage passes to a TAFKAL80ETC concert, 0, 50
Backstage passes to a TAFKAL80ETC concert, 0, 50
Conjured Mana Cake, 0, 0

-------- day 10 --------
name, sellIn, quality
+5 Dexterity Vest, 0, 10
Aged Brie, 0, 10
Elixir of the Mongoose, 0, 0
Sulfuras, Hand of Ragnaros, 0, 80
Sulfuras, Hand of Ragnaros, -1, 80
Backstage passes to a TAFKAL80ETC concert, 0, 47
Backstage passes to a TAFKAL80ETC concert, 0, 50
Backstage passes to a TAFKAL80ETC concert, 0, 50
Conjured Mana Cake, 0, 0

-------- day 11 --------
name, sellIn, quality
+5 Dexterity Vest, 0, 9
Aged Brie, 0, 11
Elixir of the Mongoose, 0, 0
Sulfuras, Hand of Ragnaros, 0, 80
Sulfuras, Hand of Ragnaros, -1, 80
Backstage passes to a TAFKAL80ETC concert, 0, 50
Backstage passes to a TAFKAL80ETC concert, 0, 50
Backstage passes to a TAFKAL80ETC concert, 0, 50
Conjured Mana Cake, 0, 0

-------- day 12 --------
name, sellIn, quality
+5 Dexterity Vest, 0, 8
Aged Brie, 0, 12
Elixir of the Mongoose, 0, 0
Sulfuras, Hand of Ragnaros, 0, 80
Sulfuras, Hand of Ragnaros, -1, 80
Backstage passes to a TAFKAL80ETC concert, 0, 50
Backstage passes to a TAFKAL80ETC concert, 0, 50
Backstage passes to a TAFKAL80ETC concert, 0, 50
Conjured Mana Cake, 0, 0

-------- day 13 --------
name, sellIn, quality
+5 Dexterity Vest, 0, 7
Aged Brie, 0, 13
Elixir of the Mongoose, 0, 0
Sulfuras, Hand of Ragnaros, 0, 80
Sulfuras, Hand of Ragnaros, -1, 80
Backstage passes to a TAFKAL80ETC concert, 0, 50
Backstage passes to a TAFKAL80ETC concert, 0, 50
Backstage passes to a TAFKAL80ETC concert, 0, 50
Conjured Mana Cake, 0, 0

-------- day 14 --------
name, sellIn, quality
+5 Dexterity Vest, 0, 6
Aged Brie, 0, 14
Elixir of the Mongoose, 0, 0
Sulfuras, Hand of Ragnaros, 0, 80
Sulfuras, Hand of Ragnaros, -1, 80
Backstage passes to a TAFKAL80ETC concert, 0, 50
Backstage passes to a TAFKAL80ETC concert, 0, 50
Backstage passes to a TAFKAL80ETC concert, 0, 50
Conjured Mana Cake, 0, 0

-------- day 15 --------
name, sellIn, quality
+5 Dexterity Vest, 0, 5
Aged Brie, 0, 15
Elixir of the Mongoose, 0, 0
Sulfuras, Hand of Ragnaros, 0, 80
Sulfuras, Hand of Ragnaros, -1, 80
Backstage passes to a TAFKAL80ETC concert, 0, 50
Backstage passes to a TAFKAL80ETC concert, 0, 50
Backstage passes to a TAFKAL80ETC concert, 0, 50
Conjured Mana Cake, 0, 0

-------- day 16 --------
name, sellIn, quality
+5 Dexterity Vest, 0, 4
Aged Brie, 0, 16
Elixir of the Mongoose, 0, 0
Sulfuras, Hand of Ragnaros, 0, 80
Sulfuras, Hand of Ragnaros, -1, 80
Backstage passes to a TAFKAL80ETC concert, 0, 50
Backstage passes to a TAFKAL80ETC concert, 0, 50
Backstage passes to a TAFKAL80ETC concert, 0, 50
Conjured Mana Cake, 0, 0

-------- day 17 --------
name, sellIn, quality
+5 Dexterity Vest, 0, 3
Aged Brie, 0, 17
Elixir of the Mongoose, 0, 0
Sulfuras, Hand of Ragnaros, 0, 80
Sulfuras, Hand of Ragnaros, -1, 80
Backstage passes to a TAFKAL80ETC concert, 0, 50
Backstage passes to a TAFKAL80ETC concert, 0, 50
Backstage passes to a TAFKAL80ETC concert, 0, 50
Conjured Mana Cake, 0, 0

-------- day 18 --------
name, sellIn, quality
+5 Dexterity Vest, 0, 2
Aged Brie, 0, 18
Elixir of the Mongoose, 0, 0
Sulfuras, Hand of Ragnaros, 0, 80
Sulfuras, Hand of Ragnaros, -1, 80
Backstage passes to a TAFKAL80ETC concert, 0, 50
Backstage passes to a TAFKAL80ETC concert, 0, 50
Backstage passes to a TAFKAL80ETC concert, 0, 50
Conjured Mana Cake, 0, 0

-------- day 19 --------
name, sellIn, quality
+5 Dexterity Vest, 0, 1
Aged Brie, 0, 19
Elixir of the Mongoose, 0, 0
Sulfuras, Hand of Ragnaros, 0, 80
Sulfuras, Hand of Ragnaros, -1, 80
Backstage passes to a TAFKAL80ETC concert, 0, 50
Backstage passes to a TAFKAL80ETC concert, 0, 50
Backstage passes to a TAFKAL80ETC concert, 0, 50
Conjured Mana Cake, 0, 0

-------- day 20 --------
name, sellIn, quality
+5 Dexterity Vest, 0, 0
Aged Brie, 0, 20
Elixir of the Mongoose, 0, 0
Sulfuras, Hand of Ragnaros, 0, 80
Sulfuras, Hand of Ragnaros, -1, 80
Backstage passes to a TAFKAL80ETC concert, 0, 50
Backstage passes to a TAFKAL80ETC concert, 0, 50
Backstage passes to a TAFKAL80ETC concert, 0, 50
Conjured Mana Cake, 0, 0

-------- day 21 --------
name, sellIn, quality
+5 Dexterity Vest, 0, 0
Aged Brie, 0, 21
Elixir of the Mongoose, 0, 0
Sulfuras, Hand of Ragnaros, 0, 80
Sulfuras, Hand of Ragnaros, -1, 80
Backstage passes to a TAFKAL80ETC concert, 0, 50
Backstage passes to a TAFKAL80ETC concert, 0, 50
Backstage passes to a TAFKAL80ETC concert, 0, 50
Conjured Mana Cake, 0, 0

-------- day 22 --------
name, sellIn, quality
+5 Dexterity Vest, 0, 0
Aged Brie, 0, 22
Elixir of the Mongoose, 0, 0
Sulfuras, Hand of Ragnaros, 0, 80
Sulfuras, Hand of Ragnaros, -1, 80
Backstage passes to a TAFKAL80ETC concert, 0, 50
Backstage passes to a TAFKAL80ETC concert, 0, 50
Backstage passes to a TAFKAL80ETC concert, 0, 50
Conjured Mana Cake, 0, 0

-------- day 23 --------
name, sellIn, quality
+5 Dexterity Vest, 0, 0
Aged Brie, 0, 23
Elixir of the Mongoose, 0, 0
Sulfuras, Hand of Ragnaros, 0, 80
Sulfuras, Hand of Ragnaros, -1, 80
Backstage passes to a TAFKAL80ETC concert, 0, 50
Backstage passes to a TAFKAL80ETC concert, 0, 50
Backstage passes to a TAFKAL80ETC concert, 0, 50
Conjured Mana Cake, 0, 0

-------- day 24 --------
name, sellIn, quality
+5 Dexterity Vest, 0, 0
Aged Brie, 0, 24
Elixir of the Mongoose, 0, 0
Sulfuras, Hand of Ragnaros, 0, 80
Sulfuras, Hand of Ragnaros, -1, 80
Backstage passes to a TAFKAL80ETC concert, 0, 50
Backstage passes to a TAFKAL80ETC concert, 0, 50
Backstage passes to a TAFKAL80ETC concert, 0, 50
Conjured Mana Cake, 0, 0

-------- day 25 --------
name, sellIn, quality
+5 Dexterity Vest, 0, 0
Aged Brie, 0, 25
Elixir of the Mongoose, 0, 0
Sulfuras, Hand of Ragnaros, 0, 80
Sulfuras, Hand of Ragnaros, -1, 80
Backstage passes to a TAFKAL80ETC concert, 0, 50
Backstage passes to a TAFKAL80ETC concert, 0, 50
Backstage passes to a TAFKAL80ETC concert, 0, 50
Conjured Mana Cake, 0, 0

-------- day 26 --------
name, sellIn, quality
+5 Dexterity Vest, 0, 0
Aged Brie, 0, 26
Elixir of the Mongoose, 0, 0
Sulfuras, Hand of Ragnaros, 0, 80
Sulfuras, Hand of Ragnaros, -1, 80
Backstage passes to a TAFKAL80ETC concert, 0, 50
Backstage passes to a TAFKAL80ETC concert, 0, 50
Backstage passes to a TAFKAL80ETC concert, 0, 50
Conjured Mana Cake, 0, 0

-------- day 27 --------
name, sellIn, quality
+5 Dexterity Vest, 0, 0
Aged Brie, 0, 27
Elixir of the Mongoose, 0, 0
Sulfuras, Hand of Ragnaros, 0, 80
Sulfuras, Hand of Ragnaros, -1, 80
Backstage passes to a TAFKAL80ETC concert, 0, 50
Backstage passes to a TAFKAL80ETC concert, 0, 50
Backstage passes to a TAFKAL80ETC concert, 0, 50
Conjured Mana Cake, 0, 0

-------- day 28 --------
name, sellIn, quality
+5 Dexterity Vest, 0, 0
Aged Brie, 0, 28
Elixir of the Mongoose, 0, 0
Sulfuras, Hand of Ragnaros, 0, 80
Sulfuras, Hand of Ragnaros, -1, 80
Backstage passes to a TAFKAL80ETC concert, 0, 50
Backstage passes to a TAFKAL80ETC concert, 0, 50
Backstage passes to a TAFKAL80ETC concert, 0, 50
Conjured Mana Cake, 0, 0

-------- day 29 --------
name, sellIn, quality
+5 Dexterity Vest, 0, 0
Aged Brie, 0, 29
Elixir of the Mongoose, 0, 0
Sulfuras, Hand of Ragnaros, 0, 80
Sulfuras, Hand of Ragnaros, -1, 80
Backstage passes to a TAFKAL80ETC concert, 0, 50
Backstage passes to a TAFKAL80ETC concert, 0, 50
Backstage passes to a TAFKAL80ETC concert, 0, 50
Conjured Mana Cake, 0, 0

-------- day 30 --------
name, sellIn, quality
+5 Dexterity Vest, 0, 0
Aged Brie, 0, 30
Elixir of the Mongoose, 0, 0
Sulfuras, Hand of Ragnaros, 0, 80
Sulfuras, Hand of Ragnaros, -1, 80
Backstage passes to a TAFKAL80ETC concert, 0, 50
Backstage passes to a TAFKAL80ETC concert, 0, 50
Backstage passes to a TAFKAL80ETC concert, 0, 50
Conjured Mana Cake, 0, 0

"
`;
